Archive member included to satisfy reference by file (symbol)

/opt/st/stm32cubeide_1.8.0/plugins/com.st.stm32cube.ide.mcu.externaltools.gnu-tools-for-stm32.9-2020-q2-update.linux64_2.0.0.202105311346/tools/bin/../lib/gcc/arm-none-eabi/9.3.1/../../../../arm-none-eabi/lib/thumb/v7-m/nofp/libc_nano.a(lib_a-errno.o)
                              ./Core/Src/syscalls.o (__errno)
/opt/st/stm32cubeide_1.8.0/plugins/com.st.stm32cube.ide.mcu.externaltools.gnu-tools-for-stm32.9-2020-q2-update.linux64_2.0.0.202105311346/tools/bin/../lib/gcc/arm-none-eabi/9.3.1/../../../../arm-none-eabi/lib/thumb/v7-m/nofp/libc_nano.a(lib_a-exit.o)
                              /opt/st/stm32cubeide_1.8.0/plugins/com.st.stm32cube.ide.mcu.externaltools.gnu-tools-for-stm32.9-2020-q2-update.linux64_2.0.0.202105311346/tools/bin/../lib/gcc/arm-none-eabi/9.3.1/../../../../arm-none-eabi/lib/thumb/v7-m/nofp/crt0.o (exit)
/opt/st/stm32cubeide_1.8.0/plugins/com.st.stm32cube.ide.mcu.externaltools.gnu-tools-for-stm32.9-2020-q2-update.linux64_2.0.0.202105311346/tools/bin/../lib/gcc/arm-none-eabi/9.3.1/../../../../arm-none-eabi/lib/thumb/v7-m/nofp/libc_nano.a(lib_a-impure.o)
                              /opt/st/stm32cubeide_1.8.0/plugins/com.st.stm32cube.ide.mcu.externaltools.gnu-tools-for-stm32.9-2020-q2-update.linux64_2.0.0.202105311346/tools/bin/../lib/gcc/arm-none-eabi/9.3.1/../../../../arm-none-eabi/lib/thumb/v7-m/nofp/libc_nano.a(lib_a-exit.o) (_global_impure_ptr)
/opt/st/stm32cubeide_1.8.0/plugins/com.st.stm32cube.ide.mcu.externaltools.gnu-tools-for-stm32.9-2020-q2-update.linux64_2.0.0.202105311346/tools/bin/../lib/gcc/arm-none-eabi/9.3.1/../../../../arm-none-eabi/lib/thumb/v7-m/nofp/libc_nano.a(lib_a-init.o)
                              /opt/st/stm32cubeide_1.8.0/plugins/com.st.stm32cube.ide.mcu.externaltools.gnu-tools-for-stm32.9-2020-q2-update.linux64_2.0.0.202105311346/tools/bin/../lib/gcc/arm-none-eabi/9.3.1/../../../../arm-none-eabi/lib/thumb/v7-m/nofp/crt0.o (__libc_init_array)
/opt/st/stm32cubeide_1.8.0/plugins/com.st.stm32cube.ide.mcu.externaltools.gnu-tools-for-stm32.9-2020-q2-update.linux64_2.0.0.202105311346/tools/bin/../lib/gcc/arm-none-eabi/9.3.1/../../../../arm-none-eabi/lib/thumb/v7-m/nofp/libc_nano.a(lib_a-memset.o)
                              /opt/st/stm32cubeide_1.8.0/plugins/com.st.stm32cube.ide.mcu.externaltools.gnu-tools-for-stm32.9-2020-q2-update.linux64_2.0.0.202105311346/tools/bin/../lib/gcc/arm-none-eabi/9.3.1/../../../../arm-none-eabi/lib/thumb/v7-m/nofp/crt0.o (memset)

Allocating common symbols
Common symbol       size              file

softSerial          0xe8              ./Core/SoftSerial/SoftSerial.o
uwTick              0x4               ./Drivers/STM32F1xx_HAL_Driver/Src/stm32f1xx_hal.o
pFlash              0x20              ./Drivers/STM32F1xx_HAL_Driver/Src/stm32f1xx_hal_flash.o
hadc1               0x30              ./Core/Src/main.o
huart1              0x44              ./Core/Src/main.o
hdma_adc1           0x44              ./Core/Src/main.o
htim1               0x48              ./Core/Src/main.o

Discarded input sections

 .text          0x0000000000000000        0x0 /opt/st/stm32cubeide_1.8.0/plugins/com.st.stm32cube.ide.mcu.externaltools.gnu-tools-for-stm32.9-2020-q2-update.linux64_2.0.0.202105311346/tools/bin/../lib/gcc/arm-none-eabi/9.3.1/thumb/v7-m/nofp/crti.o
 .data          0x0000000000000000        0x0 /opt/st/stm32cubeide_1.8.0/plugins/com.st.stm32cube.ide.mcu.externaltools.gnu-tools-for-stm32.9-2020-q2-update.linux64_2.0.0.202105311346/tools/bin/../lib/gcc/arm-none-eabi/9.3.1/thumb/v7-m/nofp/crti.o
 .bss           0x0000000000000000        0x0 /opt/st/stm32cubeide_1.8.0/plugins/com.st.stm32cube.ide.mcu.externaltools.gnu-tools-for-stm32.9-2020-q2-update.linux64_2.0.0.202105311346/tools/bin/../lib/gcc/arm-none-eabi/9.3.1/thumb/v7-m/nofp/crti.o
 .data          0x0000000000000000        0x4 /opt/st/stm32cubeide_1.8.0/plugins/com.st.stm32cube.ide.mcu.externaltools.gnu-tools-for-stm32.9-2020-q2-update.linux64_2.0.0.202105311346/tools/bin/../lib/gcc/arm-none-eabi/9.3.1/thumb/v7-m/nofp/crtbegin.o
 .text          0x0000000000000000       0x7c /opt/st/stm32cubeide_1.8.0/plugins/com.st.stm32cube.ide.mcu.externaltools.gnu-tools-for-stm32.9-2020-q2-update.linux64_2.0.0.202105311346/tools/bin/../lib/gcc/arm-none-eabi/9.3.1/../../../../arm-none-eabi/lib/thumb/v7-m/nofp/crt0.o
 .data          0x0000000000000000        0x0 /opt/st/stm32cubeide_1.8.0/plugins/com.st.stm32cube.ide.mcu.externaltools.gnu-tools-for-stm32.9-2020-q2-update.linux64_2.0.0.202105311346/tools/bin/../lib/gcc/arm-none-eabi/9.3.1/../../../../arm-none-eabi/lib/thumb/v7-m/nofp/crt0.o
 .bss           0x0000000000000000        0x0 /opt/st/stm32cubeide_1.8.0/plugins/com.st.stm32cube.ide.mcu.externaltools.gnu-tools-for-stm32.9-2020-q2-update.linux64_2.0.0.202105311346/tools/bin/../lib/gcc/arm-none-eabi/9.3.1/../../../../arm-none-eabi/lib/thumb/v7-m/nofp/crt0.o
[...]
Memory Configuration

Name             Origin             Length             Attributes
RAM              0x0000000020000000 0x0000000000010000 xrw
FLASH            0x0000000008000000 0x0000000000080000 xr
*default*        0x0000000000000000 0xffffffffffffffff

Linker script and memory map

LOAD /opt/st/stm32cubeide_1.8.0/plugins/com.st.stm32cube.ide.mcu.externaltools.gnu-tools-for-stm32.9-2020-q2-update.linux64_2.0.0.202105311346/tools/bin/../lib/gcc/arm-none-eabi/9.3.1/thumb/v7-m/nofp/crti.o
LOAD /opt/st/stm32cubeide_1.8.0/plugins/com.st.stm32cube.ide.mcu.externaltools.gnu-tools-for-stm32.9-2020-q2-update.linux64_2.0.0.202105311346/tools/bin/../lib/gcc/arm-none-eabi/9.3.1/thumb/v7-m/nofp/crtbegin.o
LOAD /opt/st/stm32cubeide_1.8.0/plugins/com.st.stm32cube.ide.mcu.externaltools.gnu-tools-for-stm32.9-2020-q2-update.linux64_2.0.0.202105311346/tools/bin/../lib/gcc/arm-none-eabi/9.3.1/../../../../arm-none-eabi/lib/thumb/v7-m/nofp/crt0.o
LOAD ./Core/SoftSerial/SoftSerial.o
LOAD ./Core/Src/main.o
LOAD ./Core/Src/stm32f1xx_hal_msp.o
LOAD ./Core/Src/stm32f1xx_it.o
LOAD ./Core/Src/syscalls.o
LOAD ./Core/Src/sysmem.o
LOAD ./Core/Src/system_stm32f1xx.o
LOAD ./Core/Startup/startup_stm32f103retx.o
LOAD ./Drivers/STM32F1xx_HAL_Driver/Src/stm32f1xx_hal.o
LOAD ./Drivers/STM32F1xx_HAL_Driver/Src/stm32f1xx_hal_adc.o
LOAD ./Drivers/STM32F1xx_HAL_Driver/Src/stm32f1xx_hal_adc_ex.o
LOAD ./Drivers/STM32F1xx_HAL_Driver/Src/stm32f1xx_hal_cortex.o
LOAD ./Drivers/STM32F1xx_HAL_Driver/Src/stm32f1xx_hal_dma.o
LOAD ./Drivers/STM32F1xx_HAL_Driver/Src/stm32f1xx_hal_exti.o
LOAD ./Drivers/STM32F1xx_HAL_Driver/Src/stm32f1xx_hal_flash.o
LOAD ./Drivers/STM32F1xx_HAL_Driver/Src/stm32f1xx_hal_flash_ex.o
LOAD ./Drivers/STM32F1xx_HAL_Driver/Src/stm32f1xx_hal_gpio.o
LOAD ./Drivers/STM32F1xx_HAL_Driver/Src/stm32f1xx_hal_gpio_ex.o
LOAD ./Drivers/STM32F1xx_HAL_Driver/Src/stm32f1xx_hal_pwr.o
LOAD ./Drivers/STM32F1xx_HAL_Driver/Src/stm32f1xx_hal_rcc.o
LOAD ./Drivers/STM32F1xx_HAL_Driver/Src/stm32f1xx_hal_rcc_ex.o
LOAD ./Drivers/STM32F1xx_HAL_Driver/Src/stm32f1xx_hal_tim.o
LOAD ./Drivers/STM32F1xx_HAL_Driver/Src/stm32f1xx_hal_tim_ex.o
LOAD ./Drivers/STM32F1xx_HAL_Driver/Src/stm32f1xx_hal_uart.o
START GROUP
LOAD /opt/st/stm32cubeide_1.8.0/plugins/com.st.stm32cube.ide.mcu.externaltools.gnu-tools-for-stm32.9-2020-q2-update.linux64_2.0.0.202105311346/tools/bin/../lib/gcc/arm-none-eabi/9.3.1/../../../../arm-none-eabi/lib/thumb/v7-m/nofp/libc_nano.a
LOAD /opt/st/stm32cubeide_1.8.0/plugins/com.st.stm32cube.ide.mcu.externaltools.gnu-tools-for-stm32.9-2020-q2-update.linux64_2.0.0.202105311346/tools/bin/../lib/gcc/arm-none-eabi/9.3.1/../../../../arm-none-eabi/lib/thumb/v7-m/nofp/libm.a
END GROUP
START GROUP
LOAD /opt/st/stm32cubeide_1.8.0/plugins/com.st.stm32cube.ide.mcu.externaltools.gnu-tools-for-stm32.9-2020-q2-update.linux64_2.0.0.202105311346/tools/bin/../lib/gcc/arm-none-eabi/9.3.1/thumb/v7-m/nofp/libgcc.a
LOAD /opt/st/stm32cubeide_1.8.0/plugins/com.st.stm32cube.ide.mcu.externaltools.gnu-tools-for-stm32.9-2020-q2-update.linux64_2.0.0.202105311346/tools/bin/../lib/gcc/arm-none-eabi/9.3.1/../../../../arm-none-eabi/lib/thumb/v7-m/nofp/libc_nano.a
END GROUP
START GROUP
LOAD /opt/st/stm32cubeide_1.8.0/plugins/com.st.stm32cube.ide.mcu.externaltools.gnu-tools-for-stm32.9-2020-q2-update.linux64_2.0.0.202105311346/tools/bin/../lib/gcc/arm-none-eabi/9.3.1/thumb/v7-m/nofp/libgcc.a
LOAD /opt/st/stm32cubeide_1.8.0/plugins/com.st.stm32cube.ide.mcu.externaltools.gnu-tools-for-stm32.9-2020-q2-update.linux64_2.0.0.202105311346/tools/bin/../lib/gcc/arm-none-eabi/9.3.1/../../../../arm-none-eabi/lib/thumb/v7-m/nofp/libc_nano.a
LOAD /opt/st/stm32cubeide_1.8.0/plugins/com.st.stm32cube.ide.mcu.externaltools.gnu-tools-for-stm32.9-2020-q2-update.linux64_2.0.0.202105311346/tools/bin/../lib/gcc/arm-none-eabi/9.3.1/../../../../arm-none-eabi/lib/thumb/v7-m/nofp/libnosys.a
END GROUP
START GROUP
LOAD /opt/st/stm32cubeide_1.8.0/plugins/com.st.stm32cube.ide.mcu.externaltools.gnu-tools-for-stm32.9-2020-q2-update.linux64_2.0.0.202105311346/tools/bin/../lib/gcc/arm-none-eabi/9.3.1/thumb/v7-m/nofp/libgcc.a
LOAD /opt/st/stm32cubeide_1.8.0/plugins/com.st.stm32cube.ide.mcu.externaltools.gnu-tools-for-stm32.9-2020-q2-update.linux64_2.0.0.202105311346/tools/bin/../lib/gcc/arm-none-eabi/9.3.1/../../../../arm-none-eabi/lib/thumb/v7-m/nofp/libc_nano.a
LOAD /opt/st/stm32cubeide_1.8.0/plugins/com.st.stm32cube.ide.mcu.externaltools.gnu-tools-for-stm32.9-2020-q2-update.linux64_2.0.0.202105311346/tools/bin/../lib/gcc/arm-none-eabi/9.3.1/../../../../arm-none-eabi/lib/thumb/v7-m/nofp/libnosys.a
END GROUP
LOAD /opt/st/stm32cubeide_1.8.0/plugins/com.st.stm32cube.ide.mcu.externaltools.gnu-tools-for-stm32.9-2020-q2-update.linux64_2.0.0.202105311346/tools/bin/../lib/gcc/arm-none-eabi/9.3.1/thumb/v7-m/nofp/crtend.o
LOAD /opt/st/stm32cubeide_1.8.0/plugins/com.st.stm32cube.ide.mcu.externaltools.gnu-tools-for-stm32.9-2020-q2-update.linux64_2.0.0.202105311346/tools/bin/../lib/gcc/arm-none-eabi/9.3.1/thumb/v7-m/nofp/crtn.o
                0x0000000020010000                _estack = (ORIGIN (RAM) + LENGTH (RAM))
                0x0000000000000200                _Min_Heap_Size = 0x200
                0x0000000000000400                _Min_Stack_Size = 0x400

.isr_vector     0x0000000008000000      0x1e4
                0x0000000008000000                . = ALIGN (0x4)
 *(.isr_vector)
 .isr_vector    0x0000000008000000      0x1e4 ./Core/Startup/startup_stm32f103retx.o
                0x0000000008000000                g_pfnVectors
                0x00000000080001e4                . = ALIGN (0x4)

.text           0x00000000080001e4     0x2e3c
                0x00000000080001e4                . = ALIGN (0x4)
 *(.text)
 .text          0x00000000080001e4       0x40 /opt/st/stm32cubeide_1.8.0/plugins/com.st.stm32cube.ide.mcu.externaltools.gnu-tools-for-stm32.9-2020-q2-update.linux64_2.0.0.202105311346/tools/bin/../lib/gcc/arm-none-eabi/9.3.1/thumb/v7-m/nofp/crtbegin.o
 *(.text*)
 .text.SoftSerial_GPIOCallBack
                0x0000000008000224       0x64 ./Core/SoftSerial/SoftSerial.o
                0x0000000008000224                SoftSerial_GPIOCallBack
 .text.SoftSerial_TimerCallBack
                0x0000000008000288       0xc4 ./Core/SoftSerial/SoftSerial.o
                0x0000000008000288                SoftSerial_TimerCallBack
 .text.SoftSerial_GetTime
                0x000000000800034c       0x48 ./Core/SoftSerial/SoftSerial.o
                0x000000000800034c                SoftSerial_GetTime
 .text.SoftSerial_UpdateTime
                0x0000000008000394      0x10c ./Core/SoftSerial/SoftSerial.o
                0x0000000008000394                SoftSerial_UpdateTime
 .text.SoftSerial_UpdateData
                0x00000000080004a0      0x120 ./Core/SoftSerial/SoftSerial.o
                0x00000000080004a0                SoftSerial_UpdateData
 .text.SoftSerial_MakeData
                0x00000000080005c0      0x148 ./Core/SoftSerial/SoftSerial.o
                0x00000000080005c0                SoftSerial_MakeData
 .text.SoftSerial_Init
                0x0000000008000708       0x54 ./Core/SoftSerial/SoftSerial.o
                0x0000000008000708                SoftSerial_Init
 .text.main     0x000000000800075c       0x3c ./Core/Src/main.o
                0x000000000800075c                main
 .text.SystemClock_Config
                0x0000000008000798       0xba ./Core/Src/main.o
                0x0000000008000798                SystemClock_Config
 *fill*         0x0000000008000852        0x2 
 .text.MX_ADC1_Init
                0x0000000008000854       0x7c ./Core/Src/main.o
 .text.MX_TIM1_Init
                0x00000000080008d0       0xa4 ./Core/Src/main.o
 .text.MX_USART1_UART_Init
                0x0000000008000974       0x54 ./Core/Src/main.o
 .text.MX_DMA_Init
                0x00000000080009c8       0x3c ./Core/Src/main.o
 .text.MX_GPIO_Init
                0x0000000008000a04       0xb0 ./Core/Src/main.o
 .text.Error_Handler
                0x0000000008000ab4        0xa ./Core/Src/main.o
                0x0000000008000ab4                Error_Handler
 *fill*         0x0000000008000abe        0x2 
 .text.HAL_MspInit
                0x0000000008000ac0       0x64 ./Core/Src/stm32f1xx_hal_msp.o
                0x0000000008000ac0                HAL_MspInit
 .text.HAL_ADC_MspInit
                0x0000000008000b24       0xd0 ./Core/Src/stm32f1xx_hal_msp.o
                0x0000000008000b24                HAL_ADC_MspInit
 .text.HAL_TIM_Base_MspInit
                0x0000000008000bf4       0x4c ./Core/Src/stm32f1xx_hal_msp.o
                0x0000000008000bf4                HAL_TIM_Base_MspInit
 .text.HAL_UART_MspInit
                0x0000000008000c40       0xb4 ./Core/Src/stm32f1xx_hal_msp.o
                0x0000000008000c40                HAL_UART_MspInit
 .text.NMI_Handler
                0x0000000008000cf4        0x6 ./Core/Src/stm32f1xx_it.o
                0x0000000008000cf4                NMI_Handler
 .text.HardFault_Handler
                0x0000000008000cfa        0x6 ./Core/Src/stm32f1xx_it.o
                0x0000000008000cfa                HardFault_Handler
 .text.MemManage_Handler
                0x0000000008000d00        0x6 ./Core/Src/stm32f1xx_it.o
                0x0000000008000d00                MemManage_Handler
 .text.BusFault_Handler
                0x0000000008000d06        0x6 ./Core/Src/stm32f1xx_it.o
                0x0000000008000d06                BusFault_Handler
 .text.UsageFault_Handler
                0x0000000008000d0c        0x6 ./Core/Src/stm32f1xx_it.o
                0x0000000008000d0c                UsageFault_Handler
 .text.SVC_Handler
                0x0000000008000d12        0xc ./Core/Src/stm32f1xx_it.o
                0x0000000008000d12                SVC_Handler
 .text.DebugMon_Handler
                0x0000000008000d1e        0xc ./Core/Src/stm32f1xx_it.o
                0x0000000008000d1e                DebugMon_Handler
 .text.PendSV_Handler
                0x0000000008000d2a        0xc ./Core/Src/stm32f1xx_it.o
                0x0000000008000d2a                PendSV_Handler
 .text.SysTick_Handler
                0x0000000008000d36        0xc ./Core/Src/stm32f1xx_it.o
                0x0000000008000d36                SysTick_Handler
 *fill*         0x0000000008000d42        0x2 
 .text.DMA1_Channel1_IRQHandler
                0x0000000008000d44       0x14 ./Core/Src/stm32f1xx_it.o
                0x0000000008000d44                DMA1_Channel1_IRQHandler
 .text.EXTI9_5_IRQHandler
                0x0000000008000d58        0xc ./Core/Src/stm32f1xx_it.o
                0x0000000008000d58                EXTI9_5_IRQHandler
 .text.TIM1_UP_IRQHandler
                0x0000000008000d64        0xc ./Core/Src/stm32f1xx_it.o
                0x0000000008000d64                TIM1_UP_IRQHandler
 .text.SystemInit
                0x0000000008000d70        0xc ./Core/Src/system_stm32f1xx.o
                0x0000000008000d70                SystemInit
 .text.Reset_Handler
                0x0000000008000d7c       0x48 ./Core/Startup/startup_stm32f103retx.o
                0x0000000008000d7c                Reset_Handler
 .text.Default_Handler
                0x0000000008000dc4        0x2 ./Core/Startup/startup_stm32f103retx.o
                0x0000000008000dc4                RTC_Alarm_IRQHandler
                0x0000000008000dc4                EXTI2_IRQHandler
                0x0000000008000dc4                TIM8_TRG_COM_IRQHandler
                0x0000000008000dc4                TIM8_CC_IRQHandler
                0x0000000008000dc4                TIM1_CC_IRQHandler
                0x0000000008000dc4                TIM6_IRQHandler
                0x0000000008000dc4                PVD_IRQHandler
                0x0000000008000dc4                SDIO_IRQHandler
                0x0000000008000dc4                EXTI3_IRQHandler
                0x0000000008000dc4                EXTI0_IRQHandler
                0x0000000008000dc4                I2C2_EV_IRQHandler
                0x0000000008000dc4                ADC1_2_IRQHandler
                0x0000000008000dc4                SPI1_IRQHandler
                0x0000000008000dc4                TAMPER_IRQHandler
                0x0000000008000dc4                TIM8_UP_IRQHandler
                0x0000000008000dc4                DMA2_Channel2_IRQHandler
                0x0000000008000dc4                DMA1_Channel4_IRQHandler
                0x0000000008000dc4                USART3_IRQHandler
                0x0000000008000dc4                RTC_IRQHandler
                0x0000000008000dc4                DMA1_Channel7_IRQHandler
                0x0000000008000dc4                CAN1_RX1_IRQHandler
                0x0000000008000dc4                UART5_IRQHandler
                0x0000000008000dc4                ADC3_IRQHandler
                0x0000000008000dc4                TIM4_IRQHandler
                0x0000000008000dc4                DMA2_Channel1_IRQHandler
                0x0000000008000dc4                I2C1_EV_IRQHandler
                0x0000000008000dc4                DMA1_Channel6_IRQHandler
                0x0000000008000dc4                UART4_IRQHandler
                0x0000000008000dc4                TIM3_IRQHandler
                0x0000000008000dc4                RCC_IRQHandler
                0x0000000008000dc4                TIM1_TRG_COM_IRQHandler
                0x0000000008000dc4                Default_Handler
                0x0000000008000dc4                EXTI15_10_IRQHandler
                0x0000000008000dc4                TIM7_IRQHandler
                0x0000000008000dc4                TIM5_IRQHandler
                0x0000000008000dc4                SPI2_IRQHandler
                0x0000000008000dc4                DMA1_Channel5_IRQHandler
                0x0000000008000dc4                EXTI4_IRQHandler
                0x0000000008000dc4                USB_LP_CAN1_RX0_IRQHandler
                0x0000000008000dc4                USB_HP_CAN1_TX_IRQHandler
                0x0000000008000dc4                DMA1_Channel3_IRQHandler
                0x0000000008000dc4                FSMC_IRQHandler
                0x0000000008000dc4                WWDG_IRQHandler
                0x0000000008000dc4                TIM2_IRQHandler
                0x0000000008000dc4                TIM1_BRK_IRQHandler
                0x0000000008000dc4                EXTI1_IRQHandler
                0x0000000008000dc4                DMA2_Channel4_5_IRQHandler
                0x0000000008000dc4                USART2_IRQHandler
                0x0000000008000dc4                I2C2_ER_IRQHandler
                0x0000000008000dc4                DMA1_Channel2_IRQHandler
                0x0000000008000dc4                TIM8_BRK_IRQHandler
                0x0000000008000dc4                CAN1_SCE_IRQHandler
                0x0000000008000dc4                FLASH_IRQHandler
                0x0000000008000dc4                USART1_IRQHandler
                0x0000000008000dc4                SPI3_IRQHandler
                0x0000000008000dc4                I2C1_ER_IRQHandler
                0x0000000008000dc4                USBWakeUp_IRQHandler
                0x0000000008000dc4                DMA2_Channel3_IRQHandler
 *fill*         0x0000000008000dc6        0x2 
 .text.HAL_Init
                0x0000000008000dc8       0x2c ./Drivers/STM32F1xx_HAL_Driver/Src/stm32f1xx_hal.o
                0x0000000008000dc8                HAL_Init
 .text.HAL_InitTick
                0x0000000008000df4       0x60 ./Drivers/STM32F1xx_HAL_Driver/Src/stm32f1xx_hal.o
                0x0000000008000df4                HAL_InitTick
 .text.HAL_IncTick
                0x0000000008000e54       0x24 ./Drivers/STM32F1xx_HAL_Driver/Src/stm32f1xx_hal.o
                0x0000000008000e54                HAL_IncTick
 .text.HAL_GetTick
                0x0000000008000e78       0x14 ./Drivers/STM32F1xx_HAL_Driver/Src/stm32f1xx_hal.o
                0x0000000008000e78                HAL_GetTick
 .text.HAL_ADC_Init
                0x0000000008000e8c      0x1d4 ./Drivers/STM32F1xx_HAL_Driver/Src/stm32f1xx_hal_adc.o
                0x0000000008000e8c                HAL_ADC_Init
 .text.HAL_ADC_ConfigChannel
                0x0000000008001060      0x1f0 ./Drivers/STM32F1xx_HAL_Driver/Src/stm32f1xx_hal_adc.o
                0x0000000008001060                HAL_ADC_ConfigChannel
 .text.ADC_ConversionStop_Disable
                0x0000000008001250       0x82 ./Drivers/STM32F1xx_HAL_Driver/Src/stm32f1xx_hal_adc.o
                0x0000000008001250                ADC_ConversionStop_Disable
 *fill*         0x00000000080012d2        0x2 
 .text.__NVIC_SetPriorityGrouping
                0x00000000080012d4       0x48 ./Drivers/STM32F1xx_HAL_Driver/Src/stm32f1xx_hal_cortex.o
 .text.__NVIC_GetPriorityGrouping
                0x000000000800131c       0x1c ./Drivers/STM32F1xx_HAL_Driver/Src/stm32f1xx_hal_cortex.o
 .text.__NVIC_EnableIRQ
                0x0000000008001338       0x38 ./Drivers/STM32F1xx_HAL_Driver/Src/stm32f1xx_hal_cortex.o
 .text.__NVIC_SetPriority
                0x0000000008001370       0x54 ./Drivers/STM32F1xx_HAL_Driver/Src/stm32f1xx_hal_cortex.o
 .text.NVIC_EncodePriority
                0x00000000080013c4       0x64 ./Drivers/STM32F1xx_HAL_Driver/Src/stm32f1xx_hal_cortex.o
 .text.SysTick_Config
                0x0000000008001428       0x44 ./Drivers/STM32F1xx_HAL_Driver/Src/stm32f1xx_hal_cortex.o
 .text.HAL_NVIC_SetPriorityGrouping
                0x000000000800146c       0x16 ./Drivers/STM32F1xx_HAL_Driver/Src/stm32f1xx_hal_cortex.o
                0x000000000800146c                HAL_NVIC_SetPriorityGrouping
 .text.HAL_NVIC_SetPriority
                0x0000000008001482       0x38 ./Drivers/STM32F1xx_HAL_Driver/Src/stm32f1xx_hal_cortex.o
                0x0000000008001482                HAL_NVIC_SetPriority
 .text.HAL_NVIC_EnableIRQ
                0x00000000080014ba       0x1c ./Drivers/STM32F1xx_HAL_Driver/Src/stm32f1xx_hal_cortex.o
                0x00000000080014ba                HAL_NVIC_EnableIRQ
 .text.HAL_SYSTICK_Config
                0x00000000080014d6       0x18 ./Drivers/STM32F1xx_HAL_Driver/Src/stm32f1xx_hal_cortex.o
                0x00000000080014d6                HAL_SYSTICK_Config
 *fill*         0x00000000080014ee        0x2 
 .text.HAL_DMA_Init
                0x00000000080014f0       0xec ./Drivers/STM32F1xx_HAL_Driver/Src/stm32f1xx_hal_dma.o
                0x00000000080014f0                HAL_DMA_Init
 .text.HAL_DMA_IRQHandler
                0x00000000080015dc      0x478 ./Drivers/STM32F1xx_HAL_Driver/Src/stm32f1xx_hal_dma.o
                0x00000000080015dc                HAL_DMA_IRQHandler
 .text.HAL_GPIO_Init
                0x0000000008001a54      0x328 ./Drivers/STM32F1xx_HAL_Driver/Src/stm32f1xx_hal_gpio.o
                0x0000000008001a54                HAL_GPIO_Init
 .text.HAL_RCC_OscConfig
                0x0000000008001d7c      0x500 ./Drivers/STM32F1xx_HAL_Driver/Src/stm32f1xx_hal_rcc.o
                0x0000000008001d7c                HAL_RCC_OscConfig
 .text.HAL_RCC_ClockConfig
                0x000000000800227c      0x1d4 ./Drivers/STM32F1xx_HAL_Driver/Src/stm32f1xx_hal_rcc.o
                0x000000000800227c                HAL_RCC_ClockConfig
 .text.HAL_RCC_GetSysClockFreq
                0x0000000008002450       0xc4 ./Drivers/STM32F1xx_HAL_Driver/Src/stm32f1xx_hal_rcc.o
                0x0000000008002450                HAL_RCC_GetSysClockFreq
 .text.HAL_RCC_GetHCLKFreq
                0x0000000008002514       0x14 ./Drivers/STM32F1xx_HAL_Driver/Src/stm32f1xx_hal_rcc.o
                0x0000000008002514                HAL_RCC_GetHCLKFreq
 .text.HAL_RCC_GetPCLK1Freq
                0x0000000008002528       0x28 ./Drivers/STM32F1xx_HAL_Driver/Src/stm32f1xx_hal_rcc.o
                0x0000000008002528                HAL_RCC_GetPCLK1Freq
 .text.HAL_RCC_GetPCLK2Freq
                0x0000000008002550       0x28 ./Drivers/STM32F1xx_HAL_Driver/Src/stm32f1xx_hal_rcc.o
                0x0000000008002550                HAL_RCC_GetPCLK2Freq
 .text.RCC_Delay
                0x0000000008002578       0x3c ./Drivers/STM32F1xx_HAL_Driver/Src/stm32f1xx_hal_rcc.o
 .text.HAL_RCCEx_PeriphCLKConfig
                0x00000000080025b4      0x16c ./Drivers/STM32F1xx_HAL_Driver/Src/stm32f1xx_hal_rcc_ex.o
                0x00000000080025b4                HAL_RCCEx_PeriphCLKConfig
 .text.HAL_TIM_Base_Init
                0x0000000008002720       0x9e ./Drivers/STM32F1xx_HAL_Driver/Src/stm32f1xx_hal_tim.o
                0x0000000008002720                HAL_TIM_Base_Init
 .text.HAL_TIM_ConfigClockSource
                0x00000000080027be      0x188 ./Drivers/STM32F1xx_HAL_Driver/Src/stm32f1xx_hal_tim.o
                0x00000000080027be                HAL_TIM_ConfigClockSource
 *fill*         0x0000000008002946        0x2 
 .text.TIM_Base_SetConfig
                0x0000000008002948       0xf4 ./Drivers/STM32F1xx_HAL_Driver/Src/stm32f1xx_hal_tim.o
                0x0000000008002948                TIM_Base_SetConfig
 .text.TIM_TI1_ConfigInputStage
                0x0000000008002a3c       0x5c ./Drivers/STM32F1xx_HAL_Driver/Src/stm32f1xx_hal_tim.o
 .text.TIM_TI2_ConfigInputStage
                0x0000000008002a98       0x5e ./Drivers/STM32F1xx_HAL_Driver/Src/stm32f1xx_hal_tim.o
 .text.TIM_ITRx_SetConfig
                0x0000000008002af6       0x34 ./Drivers/STM32F1xx_HAL_Driver/Src/stm32f1xx_hal_tim.o
 .text.TIM_ETR_SetConfig
                0x0000000008002b2a       0x3e ./Drivers/STM32F1xx_HAL_Driver/Src/stm32f1xx_hal_tim.o
                0x0000000008002b2a                TIM_ETR_SetConfig
 .text.HAL_TIMEx_MasterConfigSynchronization
                0x0000000008002b68       0xd8 ./Drivers/STM32F1xx_HAL_Driver/Src/stm32f1xx_hal_tim_ex.o
                0x0000000008002b68                HAL_TIMEx_MasterConfigSynchronization
 .text.HAL_UART_Init
                0x0000000008002c40       0x9a ./Drivers/STM32F1xx_HAL_Driver/Src/stm32f1xx_hal_uart.o
                0x0000000008002c40                HAL_UART_Init
 .text.HAL_UART_Transmit
                0x0000000008002cda      0x124 ./Drivers/STM32F1xx_HAL_Driver/Src/stm32f1xx_hal_uart.o
                0x0000000008002cda                HAL_UART_Transmit
 .text.UART_WaitOnFlagUntilTimeout
                0x0000000008002dfe       0x94 ./Drivers/STM32F1xx_HAL_Driver/Src/stm32f1xx_hal_uart.o
 *fill*         0x0000000008002e92        0x2 
 .text.UART_SetConfig
                0x0000000008002e94      0x11c ./Drivers/STM32F1xx_HAL_Driver/Src/stm32f1xx_hal_uart.o
 .text.__libc_init_array
                0x0000000008002fb0       0x48 /opt/st/stm32cubeide_1.8.0/plugins/com.st.stm32cube.ide.mcu.externaltools.gnu-tools-for-stm32.9-2020-q2-update.linux64_2.0.0.202105311346/tools/bin/../lib/gcc/arm-none-eabi/9.3.1/../../../../arm-none-eabi/lib/thumb/v7-m/nofp/libc_nano.a(lib_a-init.o)
                0x0000000008002fb0                __libc_init_array
 .text.memset   0x0000000008002ff8       0x10 /opt/st/stm32cubeide_1.8.0/plugins/com.st.stm32cube.ide.mcu.externaltools.gnu-tools-for-stm32.9-2020-q2-update.linux64_2.0.0.202105311346/tools/bin/../lib/gcc/arm-none-eabi/9.3.1/../../../../arm-none-eabi/lib/thumb/v7-m/nofp/libc_nano.a(lib_a-memset.o)
                0x0000000008002ff8                memset
 *(.glue_7)
 .glue_7        0x0000000008003008        0x0 linker stubs
 *(.glue_7t)
 .glue_7t       0x0000000008003008        0x0 linker stubs
 *(.eh_frame)
 .eh_frame      0x0000000008003008        0x0 /opt/st/stm32cubeide_1.8.0/plugins/com.st.stm32cube.ide.mcu.externaltools.gnu-tools-for-stm32.9-2020-q2-update.linux64_2.0.0.202105311346/tools/bin/../lib/gcc/arm-none-eabi/9.3.1/thumb/v7-m/nofp/crtbegin.o
 *(.init)
 .init          0x0000000008003008        0x4 /opt/st/stm32cubeide_1.8.0/plugins/com.st.stm32cube.ide.mcu.externaltools.gnu-tools-for-stm32.9-2020-q2-update.linux64_2.0.0.202105311346/tools/bin/../lib/gcc/arm-none-eabi/9.3.1/thumb/v7-m/nofp/crti.o
                0x0000000008003008                _init
 .init          0x000000000800300c        0x8 /opt/st/stm32cubeide_1.8.0/plugins/com.st.stm32cube.ide.mcu.externaltools.gnu-tools-for-stm32.9-2020-q2-update.linux64_2.0.0.202105311346/tools/bin/../lib/gcc/arm-none-eabi/9.3.1/thumb/v7-m/nofp/crtn.o
 *(.fini)
 .fini          0x0000000008003014        0x4 /opt/st/stm32cubeide_1.8.0/plugins/com.st.stm32cube.ide.mcu.externaltools.gnu-tools-for-stm32.9-2020-q2-update.linux64_2.0.0.202105311346/tools/bin/../lib/gcc/arm-none-eabi/9.3.1/thumb/v7-m/nofp/crti.o
                0x0000000008003014                _fini
 .fini          0x0000000008003018        0x8 /opt/st/stm32cubeide_1.8.0/plugins/com.st.stm32cube.ide.mcu.externaltools.gnu-tools-for-stm32.9-2020-q2-update.linux64_2.0.0.202105311346/tools/bin/../lib/gcc/arm-none-eabi/9.3.1/thumb/v7-m/nofp/crtn.o
                0x0000000008003020                . = ALIGN (0x4)
                0x0000000008003020                _etext = .

.vfp11_veneer   0x0000000008003020        0x0
 .vfp11_veneer  0x0000000008003020        0x0 linker stubs

.v4_bx          0x0000000008003020        0x0
 .v4_bx         0x0000000008003020        0x0 linker stubs

.iplt           0x0000000008003020        0x0
 .iplt          0x0000000008003020        0x0 /opt/st/stm32cubeide_1.8.0/plugins/com.st.stm32cube.ide.mcu.externaltools.gnu-tools-for-stm32.9-2020-q2-update.linux64_2.0.0.202105311346/tools/bin/../lib/gcc/arm-none-eabi/9.3.1/thumb/v7-m/nofp/crtbegin.o

.rodata         0x0000000008003020       0x30
                0x0000000008003020                . = ALIGN (0x4)
 *(.rodata)
 .rodata        0x0000000008003020        0x6 ./Core/Src/main.o
 *fill*         0x0000000008003026        0x2 
 .rodata        0x0000000008003028       0x10 ./Drivers/STM32F1xx_HAL_Driver/Src/stm32f1xx_hal_rcc.o
 *(.rodata*)
 .rodata.AHBPrescTable
                0x0000000008003038       0x10 ./Core/Src/system_stm32f1xx.o
                0x0000000008003038                AHBPrescTable
 .rodata.APBPrescTable
                0x0000000008003048        0x8 ./Core/Src/system_stm32f1xx.o
                0x0000000008003048                APBPrescTable
                0x0000000008003050                . = ALIGN (0x4)

.rel.dyn        0x0000000008003050        0x0
 .rel.iplt      0x0000000008003050        0x0 /opt/st/stm32cubeide_1.8.0/plugins/com.st.stm32cube.ide.mcu.externaltools.gnu-tools-for-stm32.9-2020-q2-update.linux64_2.0.0.202105311346/tools/bin/../lib/gcc/arm-none-eabi/9.3.1/thumb/v7-m/nofp/crtbegin.o

.ARM.extab      0x0000000008003050        0x0
                0x0000000008003050                . = ALIGN (0x4)
 *(.ARM.extab* .gnu.linkonce.armextab.*)
                0x0000000008003050                . = ALIGN (0x4)

.ARM            0x0000000008003050        0x0
                0x0000000008003050                . = ALIGN (0x4)
                0x0000000008003050                __exidx_start = .
 *(.ARM.exidx*)
                0x0000000008003050                __exidx_end = .
                0x0000000008003050                . = ALIGN (0x4)

.preinit_array  0x0000000008003050        0x0
                0x0000000008003050                . = ALIGN (0x4)
                0x0000000008003050                PROVIDE (__preinit_array_start = .)
 *(.preinit_array*)
                0x0000000008003050                PROVIDE (__preinit_array_end = .)
                0x0000000008003050                . = ALIGN (0x4)

.init_array     0x0000000008003050        0x4
                0x0000000008003050                . = ALIGN (0x4)
                0x0000000008003050                PROVIDE (__init_array_start = .)
 *(SORT_BY_NAME(.init_array.*))
 *(.init_array*)
 .init_array    0x0000000008003050        0x4 /opt/st/stm32cubeide_1.8.0/plugins/com.st.stm32cube.ide.mcu.externaltools.gnu-tools-for-stm32.9-2020-q2-update.linux64_2.0.0.202105311346/tools/bin/../lib/gcc/arm-none-eabi/9.3.1/thumb/v7-m/nofp/crtbegin.o
                0x0000000008003054                PROVIDE (__init_array_end = .)
                0x0000000008003054                . = ALIGN (0x4)

.fini_array     0x0000000008003054        0x4
                0x0000000008003054                . = ALIGN (0x4)
                [!provide]                        PROVIDE (__fini_array_start = .)
 *(SORT_BY_NAME(.fini_array.*))
 *(.fini_array*)
 .fini_array    0x0000000008003054        0x4 /opt/st/stm32cubeide_1.8.0/plugins/com.st.stm32cube.ide.mcu.externaltools.gnu-tools-for-stm32.9-2020-q2-update.linux64_2.0.0.202105311346/tools/bin/../lib/gcc/arm-none-eabi/9.3.1/thumb/v7-m/nofp/crtbegin.o
                [!provide]                        PROVIDE (__fini_array_end = .)
                0x0000000008003058                . = ALIGN (0x4)
                0x0000000008003058                _sidata = LOADADDR (.data)

.data           0x0000000020000000       0x14 load address 0x0000000008003058
                0x0000000020000000                . = ALIGN (0x4)
                0x0000000020000000                _sdata = .
 *(.data)
 *(.data*)
 .data.SoftSerial_RX_PIN
                0x0000000020000000        0x2 ./Core/SoftSerial/SoftSerial.o
                0x0000000020000000                SoftSerial_RX_PIN
 *fill*         0x0000000020000002        0x2 
 .data.SoftSerial_RX_PORT
                0x0000000020000004        0x4 ./Core/SoftSerial/SoftSerial.o
                0x0000000020000004                SoftSerial_RX_PORT
 .data.SystemCoreClock
                0x0000000020000008        0x4 ./Core/Src/system_stm32f1xx.o
                0x0000000020000008                SystemCoreClock
 .data.uwTickPrio
                0x000000002000000c        0x4 ./Drivers/STM32F1xx_HAL_Driver/Src/stm32f1xx_hal.o
                0x000000002000000c                uwTickPrio
 .data.uwTickFreq
                0x0000000020000010        0x1 ./Drivers/STM32F1xx_HAL_Driver/Src/stm32f1xx_hal.o
                0x0000000020000010                uwTickFreq
 *(.RamFunc)
 *(.RamFunc*)
                0x0000000020000014                . = ALIGN (0x4)
 *fill*         0x0000000020000011        0x3 
                0x0000000020000014                _edata = .

.igot.plt       0x0000000020000014        0x0 load address 0x000000000800306c
 .igot.plt      0x0000000020000014        0x0 /opt/st/stm32cubeide_1.8.0/plugins/com.st.stm32cube.ide.mcu.externaltools.gnu-tools-for-stm32.9-2020-q2-update.linux64_2.0.0.202105311346/tools/bin/../lib/gcc/arm-none-eabi/9.3.1/thumb/v7-m/nofp/crtbegin.o
                0x0000000020000014                . = ALIGN (0x4)

.bss            0x0000000020000018      0x274 load address 0x000000000800306c
                0x0000000020000018                _sbss = .
                0x0000000020000018                __bss_start__ = _sbss
 *(.bss)
 .bss           0x0000000020000018       0x1c /opt/st/stm32cubeide_1.8.0/plugins/com.st.stm32cube.ide.mcu.externaltools.gnu-tools-for-stm32.9-2020-q2-update.linux64_2.0.0.202105311346/tools/bin/../lib/gcc/arm-none-eabi/9.3.1/thumb/v7-m/nofp/crtbegin.o
 *(.bss*)
 .bss.debug     0x0000000020000034       0x60 ./Core/SoftSerial/SoftSerial.o
                0x0000000020000034                debug
 .bss.index     0x0000000020000094        0x4 ./Core/SoftSerial/SoftSerial.o
                0x0000000020000094                index
 .bss.lastb.6427
                0x0000000020000098        0x1 ./Core/SoftSerial/SoftSerial.o
 *(COMMON)
 *fill*         0x0000000020000099        0x7 
 COMMON         0x00000000200000a0       0xe8 ./Core/SoftSerial/SoftSerial.o
                0x00000000200000a0                softSerial
 COMMON         0x0000000020000188      0x100 ./Core/Src/main.o
                0x0000000020000188                hadc1
                0x00000000200001b8                huart1
                0x00000000200001fc                hdma_adc1
                0x0000000020000240                htim1
 COMMON         0x0000000020000288        0x4 ./Drivers/STM32F1xx_HAL_Driver/Src/stm32f1xx_hal.o
                0x0000000020000288                uwTick
                0x000000002000028c                . = ALIGN (0x4)
                0x000000002000028c                _ebss = .
                0x000000002000028c                __bss_end__ = _ebss

._user_heap_stack
                0x000000002000028c      0x604 load address 0x000000000800306c
                0x0000000020000290                . = ALIGN (0x8)
 *fill*         0x000000002000028c        0x4 
                [!provide]                        PROVIDE (end = .)
                0x0000000020000290                PROVIDE (_end = .)
                0x0000000020000490                . = (. + _Min_Heap_Size)
 *fill*         0x0000000020000290      0x200 
                0x0000000020000890                . = (. + _Min_Stack_Size)
 *fill*         0x0000000020000490      0x400 
                0x0000000020000890                . = ALIGN (0x8)

/DISCARD/
 libc.a(*)
 libm.a(*)
 libgcc.a(*)

.ARM.attributes
                0x0000000000000000       0x29
 *(.ARM.attributes)
 .ARM.attributes
                0x0000000000000000       0x1d /opt/st/stm32cubeide_1.8.0/plugins/com.st.stm32cube.ide.mcu.externaltools.gnu-tools-for-stm32.9-2020-q2-update.linux64_2.0.0.202105311346/tools/bin/../lib/gcc/arm-none-eabi/9.3.1/thumb/v7-m/nofp/crti.o
 .ARM.attributes
                0x000000000000001d       0x2d /opt/st/stm32cubeide_1.8.0/plugins/com.st.stm32cube.ide.mcu.externaltools.gnu-tools-for-stm32.9-2020-q2-update.linux64_2.0.0.202105311346/tools/bin/../lib/gcc/arm-none-eabi/9.3.1/thumb/v7-m/nofp/crtbegin.o
 .ARM.attributes
                0x000000000000004a       0x2d ./Core/SoftSerial/SoftSerial.o
 .ARM.attributes
                0x0000000000000077       0x2d ./Core/Src/main.o
 .ARM.attributes
                0x00000000000000a4       0x2d ./Core/Src/stm32f1xx_hal_msp.o
 .ARM.attributes
                0x00000000000000d1       0x2d ./Core/Src/stm32f1xx_it.o
 .ARM.attributes
                0x00000000000000fe       0x2d ./Core/Src/system_stm32f1xx.o
 .ARM.attributes
                0x000000000000012b       0x21 ./Core/Startup/startup_stm32f103retx.o
 .ARM.attributes
                0x000000000000014c       0x2d ./Drivers/STM32F1xx_HAL_Driver/Src/stm32f1xx_hal.o
 .ARM.attributes
                0x0000000000000179       0x2d ./Drivers/STM32F1xx_HAL_Driver/Src/stm32f1xx_hal_adc.o
 .ARM.attributes
                0x00000000000001a6       0x2d ./Drivers/STM32F1xx_HAL_Driver/Src/stm32f1xx_hal_cortex.o
 .ARM.attributes
                0x00000000000001d3       0x2d ./Drivers/STM32F1xx_HAL_Driver/Src/stm32f1xx_hal_dma.o
 .ARM.attributes
                0x0000000000000200       0x2d ./Drivers/STM32F1xx_HAL_Driver/Src/stm32f1xx_hal_gpio.o
 .ARM.attributes
                0x000000000000022d       0x2d ./Drivers/STM32F1xx_HAL_Driver/Src/stm32f1xx_hal_rcc.o
 .ARM.attributes
                0x000000000000025a       0x2d ./Drivers/STM32F1xx_HAL_Driver/Src/stm32f1xx_hal_rcc_ex.o
 .ARM.attributes
                0x0000000000000287       0x2d ./Drivers/STM32F1xx_HAL_Driver/Src/stm32f1xx_hal_tim.o
 .ARM.attributes
                0x00000000000002b4       0x2d ./Drivers/STM32F1xx_HAL_Driver/Src/stm32f1xx_hal_tim_ex.o
 .ARM.attributes
                0x00000000000002e1       0x2d ./Drivers/STM32F1xx_HAL_Driver/Src/stm32f1xx_hal_uart.o
 .ARM.attributes
                0x000000000000030e       0x2d /opt/st/stm32cubeide_1.8.0/plugins/com.st.stm32cube.ide.mcu.externaltools.gnu-tools-for-stm32.9-2020-q2-update.linux64_2.0.0.202105311346/tools/bin/../lib/gcc/arm-none-eabi/9.3.1/../../../../arm-none-eabi/lib/thumb/v7-m/nofp/libc_nano.a(lib_a-init.o)
 .ARM.attributes
                0x000000000000033b       0x2d /opt/st/stm32cubeide_1.8.0/plugins/com.st.stm32cube.ide.mcu.externaltools.gnu-tools-for-stm32.9-2020-q2-update.linux64_2.0.0.202105311346/tools/bin/../lib/gcc/arm-none-eabi/9.3.1/../../../../arm-none-eabi/lib/thumb/v7-m/nofp/libc_nano.a(lib_a-memset.o)
 .ARM.attributes
                0x0000000000000368       0x1d /opt/st/stm32cubeide_1.8.0/plugins/com.st.stm32cube.ide.mcu.externaltools.gnu-tools-for-stm32.9-2020-q2-update.linux64_2.0.0.202105311346/tools/bin/../lib/gcc/arm-none-eabi/9.3.1/thumb/v7-m/nofp/crtn.o
OUTPUT(uart.elf elf32-littlearm)
LOAD linker stubs
LOAD /opt/st/stm32cubeide_1.8.0/plugins/com.st.stm32cube.ide.mcu.externaltools.gnu-tools-for-stm32.9-2020-q2-update.linux64_2.0.0.202105311346/tools/bin/../lib/gcc/arm-none-eabi/9.3.1/../../../../arm-none-eabi/lib/thumb/v7-m/nofp/libc.a
LOAD /opt/st/stm32cubeide_1.8.0/plugins/com.st.stm32cube.ide.mcu.externaltools.gnu-tools-for-stm32.9-2020-q2-update.linux64_2.0.0.202105311346/tools/bin/../lib/gcc/arm-none-eabi/9.3.1/../../../../arm-none-eabi/lib/thumb/v7-m/nofp/libm.a
LOAD /opt/st/stm32cubeide_1.8.0/plugins/com.st.stm32cube.ide.mcu.externaltools.gnu-tools-for-stm32.9-2020-q2-update.linux64_2.0.0.202105311346/tools/bin/../lib/gcc/arm-none-eabi/9.3.1/thumb/v7-m/nofp/libgcc.a

.debug_info     0x0000000000000000     0xc8d0
 .debug_info    0x0000000000000000      0x700 ./Core/SoftSerial/SoftSerial.o
 .debug_info    0x0000000000000700     0x12fe ./Core/Src/main.o
 .debug_info    0x00000000000019fe     0x113a ./Core/Src/stm32f1xx_hal_msp.o
 .debug_info    0x0000000000002b38      0x7fc ./Core/Src/stm32f1xx_it.o
 .debug_info    0x0000000000003334      0x2be ./Core/Src/system_stm32f1xx.o
 .debug_info    0x00000000000035f2       0x22 ./Core/Startup/startup_stm32f103retx.o
 .debug_info    0x0000000000003614      0x7d0 ./Drivers/STM32F1xx_HAL_Driver/Src/stm32f1xx_hal.o
 .debug_info    0x0000000000003de4      0xd2d ./Drivers/STM32F1xx_HAL_Driver/Src/stm32f1xx_hal_adc.o
 .debug_info    0x0000000000004b11      0xc42 ./Drivers/STM32F1xx_HAL_Driver/Src/stm32f1xx_hal_cortex.o
 .debug_info    0x0000000000005753      0x81e ./Drivers/STM32F1xx_HAL_Driver/Src/stm32f1xx_hal_dma.o
 .debug_info    0x0000000000005f71      0x701 ./Drivers/STM32F1xx_HAL_Driver/Src/stm32f1xx_hal_gpio.o
 .debug_info    0x0000000000006672      0x88e ./Drivers/STM32F1xx_HAL_Driver/Src/stm32f1xx_hal_rcc.o
 .debug_info    0x0000000000006f00      0x49c ./Drivers/STM32F1xx_HAL_Driver/Src/stm32f1xx_hal_rcc_ex.o
 .debug_info    0x000000000000739c     0x2a45 ./Drivers/STM32F1xx_HAL_Driver/Src/stm32f1xx_hal_tim.o
 .debug_info    0x0000000000009de1     0x14d5 ./Drivers/STM32F1xx_HAL_Driver/Src/stm32f1xx_hal_tim_ex.o
 .debug_info    0x000000000000b2b6     0x161a ./Drivers/STM32F1xx_HAL_Driver/Src/stm32f1xx_hal_uart.o

.debug_abbrev   0x0000000000000000     0x1f81
 .debug_abbrev  0x0000000000000000      0x1dc ./Core/SoftSerial/SoftSerial.o
 .debug_abbrev  0x00000000000001dc      0x27a ./Core/Src/main.o
 .debug_abbrev  0x0000000000000456      0x1f5 ./Core/Src/stm32f1xx_hal_msp.o
 .debug_abbrev  0x000000000000064b      0x176 ./Core/Src/stm32f1xx_it.o
 .debug_abbrev  0x00000000000007c1      0x14e ./Core/Src/system_stm32f1xx.o
 .debug_abbrev  0x000000000000090f       0x12 ./Core/Startup/startup_stm32f103retx.o
 .debug_abbrev  0x0000000000000921      0x1ed ./Drivers/STM32F1xx_HAL_Driver/Src/stm32f1xx_hal.o
 .debug_abbrev  0x0000000000000b0e      0x1fb ./Drivers/STM32F1xx_HAL_Driver/Src/stm32f1xx_hal_adc.o
 .debug_abbrev  0x0000000000000d09      0x313 ./Drivers/STM32F1xx_HAL_Driver/Src/stm32f1xx_hal_cortex.o
 .debug_abbrev  0x000000000000101c      0x228 ./Drivers/STM32F1xx_HAL_Driver/Src/stm32f1xx_hal_dma.o
 .debug_abbrev  0x0000000000001244      0x1e8 ./Drivers/STM32F1xx_HAL_Driver/Src/stm32f1xx_hal_gpio.o
 .debug_abbrev  0x000000000000142c      0x273 ./Drivers/STM32F1xx_HAL_Driver/Src/stm32f1xx_hal_rcc.o
 .debug_abbrev  0x000000000000169f      0x193 ./Drivers/STM32F1xx_HAL_Driver/Src/stm32f1xx_hal_rcc_ex.o
 .debug_abbrev  0x0000000000001832      0x25e ./Drivers/STM32F1xx_HAL_Driver/Src/stm32f1xx_hal_tim.o
 .debug_abbrev  0x0000000000001a90      0x266 ./Drivers/STM32F1xx_HAL_Driver/Src/stm32f1xx_hal_tim_ex.o
 .debug_abbrev  0x0000000000001cf6      0x28b ./Drivers/STM32F1xx_HAL_Driver/Src/stm32f1xx_hal_uart.o

.debug_aranges  0x0000000000000000      0xd60
 .debug_aranges
                0x0000000000000000       0x50 ./Core/SoftSerial/SoftSerial.o
 .debug_aranges
                0x0000000000000050       0x58 ./Core/Src/main.o
 .debug_aranges
                0x00000000000000a8       0x50 ./Core/Src/stm32f1xx_hal_msp.o
 .debug_aranges
                0x00000000000000f8       0x78 ./Core/Src/stm32f1xx_it.o
 .debug_aranges
                0x0000000000000170       0x28 ./Core/Src/system_stm32f1xx.o
 .debug_aranges
                0x0000000000000198       0x28 ./Core/Startup/startup_stm32f103retx.o
 .debug_aranges
                0x00000000000001c0       0xe0 ./Drivers/STM32F1xx_HAL_Driver/Src/stm32f1xx_hal.o
 .debug_aranges
                0x00000000000002a0       0xf0 ./Drivers/STM32F1xx_HAL_Driver/Src/stm32f1xx_hal_adc.o
 .debug_aranges
                0x0000000000000390      0x100 ./Drivers/STM32F1xx_HAL_Driver/Src/stm32f1xx_hal_cortex.o
 .debug_aranges
                0x0000000000000490       0x80 ./Drivers/STM32F1xx_HAL_Driver/Src/stm32f1xx_hal_dma.o
 .debug_aranges
                0x0000000000000510       0x58 ./Drivers/STM32F1xx_HAL_Driver/Src/stm32f1xx_hal_gpio.o
 .debug_aranges
                0x0000000000000568       0x90 ./Drivers/STM32F1xx_HAL_Driver/Src/stm32f1xx_hal_rcc.o
 .debug_aranges
                0x00000000000005f8       0x30 ./Drivers/STM32F1xx_HAL_Driver/Src/stm32f1xx_hal_rcc_ex.o
 .debug_aranges
                0x0000000000000628      0x3d0 ./Drivers/STM32F1xx_HAL_Driver/Src/stm32f1xx_hal_tim.o
 .debug_aranges
                0x00000000000009f8      0x168 ./Drivers/STM32F1xx_HAL_Driver/Src/stm32f1xx_hal_tim_ex.o
 .debug_aranges
                0x0000000000000b60      0x200 ./Drivers/STM32F1xx_HAL_Driver/Src/stm32f1xx_hal_uart.o

.debug_ranges   0x0000000000000000      0xc98
 .debug_ranges  0x0000000000000000       0x40 ./Core/SoftSerial/SoftSerial.o
 .debug_ranges  0x0000000000000040       0x48 ./Core/Src/main.o
 .debug_ranges  0x0000000000000088       0x40 ./Core/Src/stm32f1xx_hal_msp.o
 .debug_ranges  0x00000000000000c8       0x68 ./Core/Src/stm32f1xx_it.o
 .debug_ranges  0x0000000000000130       0x18 ./Core/Src/system_stm32f1xx.o
 .debug_ranges  0x0000000000000148       0x20 ./Core/Startup/startup_stm32f103retx.o
 .debug_ranges  0x0000000000000168       0xd0 ./Drivers/STM32F1xx_HAL_Driver/Src/stm32f1xx_hal.o
 .debug_ranges  0x0000000000000238       0xe0 ./Drivers/STM32F1xx_HAL_Driver/Src/stm32f1xx_hal_adc.o
 .debug_ranges  0x0000000000000318       0xf0 ./Drivers/STM32F1xx_HAL_Driver/Src/stm32f1xx_hal_cortex.o
 .debug_ranges  0x0000000000000408       0x70 ./Drivers/STM32F1xx_HAL_Driver/Src/stm32f1xx_hal_dma.o
 .debug_ranges  0x0000000000000478       0x48 ./Drivers/STM32F1xx_HAL_Driver/Src/stm32f1xx_hal_gpio.o
 .debug_ranges  0x00000000000004c0       0x80 ./Drivers/STM32F1xx_HAL_Driver/Src/stm32f1xx_hal_rcc.o
 .debug_ranges  0x0000000000000540       0x20 ./Drivers/STM32F1xx_HAL_Driver/Src/stm32f1xx_hal_rcc_ex.o
 .debug_ranges  0x0000000000000560      0x3c0 ./Drivers/STM32F1xx_HAL_Driver/Src/stm32f1xx_hal_tim.o
 .debug_ranges  0x0000000000000920      0x158 ./Drivers/STM32F1xx_HAL_Driver/Src/stm32f1xx_hal_tim_ex.o
 .debug_ranges  0x0000000000000a78      0x220 ./Drivers/STM32F1xx_HAL_Driver/Src/stm32f1xx_hal_uart.o

.debug_macro    0x0000000000000000    0x198c1
 .debug_macro   0x0000000000000000      0x1ca ./Core/SoftSerial/SoftSerial.o
 .debug_macro   0x00000000000001ca      0xa9c ./Core/SoftSerial/SoftSerial.o
 .debug_macro   0x0000000000000c66      0x227 ./Core/SoftSerial/SoftSerial.o
 .debug_macro   0x0000000000000e8d       0x2e ./Core/SoftSerial/SoftSerial.o
 .debug_macro   0x0000000000000ebb       0x22 ./Core/SoftSerial/SoftSerial.o
 .debug_macro   0x0000000000000edd       0x22 ./Core/SoftSerial/SoftSerial.o
 .debug_macro   0x0000000000000eff       0x8e ./Core/SoftSerial/SoftSerial.o
 .debug_macro   0x0000000000000f8d       0x51 ./Core/SoftSerial/SoftSerial.o
 .debug_macro   0x0000000000000fde      0x103 ./Core/SoftSerial/SoftSerial.o
 .debug_macro   0x00000000000010e1       0x6a ./Core/SoftSerial/SoftSerial.o
 .debug_macro   0x000000000000114b      0x1df ./Core/SoftSerial/SoftSerial.o
 .debug_macro   0x000000000000132a       0x1c ./Core/SoftSerial/SoftSerial.o
 .debug_macro   0x0000000000001346       0x22 ./Core/SoftSerial/SoftSerial.o
 .debug_macro   0x0000000000001368       0xc3 ./Core/SoftSerial/SoftSerial.o
 .debug_macro   0x000000000000142b      0xd23 ./Core/SoftSerial/SoftSerial.o
 .debug_macro   0x000000000000214e     0xfd8c ./Core/SoftSerial/SoftSerial.o
 .debug_macro   0x0000000000011eda       0x6d ./Core/SoftSerial/SoftSerial.o
 .debug_macro   0x0000000000011f47     0x3468 ./Core/SoftSerial/SoftSerial.o
 .debug_macro   0x00000000000153af      0x174 ./Core/SoftSerial/SoftSerial.o
 .debug_macro   0x0000000000015523       0x5c ./Core/SoftSerial/SoftSerial.o
 .debug_macro   0x000000000001557f      0x5be ./Core/SoftSerial/SoftSerial.o
 .debug_macro   0x0000000000015b3d      0x4d5 ./Core/SoftSerial/SoftSerial.o
 .debug_macro   0x0000000000016012      0x1cb ./Core/SoftSerial/SoftSerial.o
 .debug_macro   0x00000000000161dd      0x114 ./Core/SoftSerial/SoftSerial.o
 .debug_macro   0x00000000000162f1      0x1ea ./Core/SoftSerial/SoftSerial.o
 .debug_macro   0x00000000000164db       0x27 ./Core/SoftSerial/SoftSerial.o
 .debug_macro   0x0000000000016502      0x144 ./Core/SoftSerial/SoftSerial.o
 .debug_macro   0x0000000000016646      0x1bc ./Core/SoftSerial/SoftSerial.o
 .debug_macro   0x0000000000016802       0x30 ./Core/SoftSerial/SoftSerial.o
 .debug_macro   0x0000000000016832       0x3c ./Core/SoftSerial/SoftSerial.o
 .debug_macro   0x000000000001686e       0x57 ./Core/SoftSerial/SoftSerial.o
 .debug_macro   0x00000000000168c5      0x46a ./Core/SoftSerial/SoftSerial.o
 .debug_macro   0x0000000000016d2f      0x25d ./Core/SoftSerial/SoftSerial.o
 .debug_macro   0x0000000000016f8c       0x88 ./Core/SoftSerial/SoftSerial.o
 .debug_macro   0x0000000000017014      0x24f ./Core/SoftSerial/SoftSerial.o
 .debug_macro   0x0000000000017263      0x141 ./Core/SoftSerial/SoftSerial.o
 .debug_macro   0x00000000000173a4      0x8d1 ./Core/SoftSerial/SoftSerial.o
 .debug_macro   0x0000000000017c75      0x279 ./Core/SoftSerial/SoftSerial.o
 .debug_macro   0x0000000000017eee       0xb5 ./Core/SoftSerial/SoftSerial.o
 .debug_macro   0x0000000000017fa3       0x22 ./Core/SoftSerial/SoftSerial.o
 .debug_macro   0x0000000000017fc5      0x1ca ./Core/Src/main.o
 .debug_macro   0x000000000001818f      0x1c1 ./Core/Src/stm32f1xx_hal_msp.o
 .debug_macro   0x0000000000018350      0x1d4 ./Core/Src/stm32f1xx_it.o
 .debug_macro   0x0000000000018524      0x1b7 ./Core/Src/system_stm32f1xx.o
 .debug_macro   0x00000000000186db      0x1db ./Drivers/STM32F1xx_HAL_Driver/Src/stm32f1xx_hal.o
 .debug_macro   0x00000000000188b6      0x1d4 ./Drivers/STM32F1xx_HAL_Driver/Src/stm32f1xx_hal_adc.o
 .debug_macro   0x0000000000018a8a      0x1b7 ./Drivers/STM32F1xx_HAL_Driver/Src/stm32f1xx_hal_cortex.o
 .debug_macro   0x0000000000018c41      0x1b7 ./Drivers/STM32F1xx_HAL_Driver/Src/stm32f1xx_hal_dma.o
 .debug_macro   0x0000000000018df8      0x222 ./Drivers/STM32F1xx_HAL_Driver/Src/stm32f1xx_hal_gpio.o
 .debug_macro   0x000000000001901a      0x1c9 ./Drivers/STM32F1xx_HAL_Driver/Src/stm32f1xx_hal_rcc.o
 .debug_macro   0x00000000000191e3      0x1b7 ./Drivers/STM32F1xx_HAL_Driver/Src/stm32f1xx_hal_rcc_ex.o
 .debug_macro   0x000000000001939a      0x1b8 ./Drivers/STM32F1xx_HAL_Driver/Src/stm32f1xx_hal_tim.o
 .debug_macro   0x0000000000019552      0x1b7 ./Drivers/STM32F1xx_HAL_Driver/Src/stm32f1xx_hal_tim_ex.o
 .debug_macro   0x0000000000019709      0x1b8 ./Drivers/STM32F1xx_HAL_Driver/Src/stm32f1xx_hal_uart.o

.debug_line     0x0000000000000000     0xe660
 .debug_line    0x0000000000000000      0x936 ./Core/SoftSerial/SoftSerial.o
 .debug_line    0x0000000000000936      0x84f ./Core/Src/main.o
 .debug_line    0x0000000000001185      0x783 ./Core/Src/stm32f1xx_hal_msp.o
 .debug_line    0x0000000000001908      0x7c0 ./Core/Src/stm32f1xx_it.o
 .debug_line    0x00000000000020c8      0x708 ./Core/Src/system_stm32f1xx.o
 .debug_line    0x00000000000027d0       0x87 ./Core/Startup/startup_stm32f103retx.o
 .debug_line    0x0000000000002857      0x935 ./Drivers/STM32F1xx_HAL_Driver/Src/stm32f1xx_hal.o
 .debug_line    0x000000000000318c      0xfc2 ./Drivers/STM32F1xx_HAL_Driver/Src/stm32f1xx_hal_adc.o
 .debug_line    0x000000000000414e      0xb1d ./Drivers/STM32F1xx_HAL_Driver/Src/stm32f1xx_hal_cortex.o
 .debug_line    0x0000000000004c6b     0x125f ./Drivers/STM32F1xx_HAL_Driver/Src/stm32f1xx_hal_dma.o
 .debug_line    0x0000000000005eca      0x9f4 ./Drivers/STM32F1xx_HAL_Driver/Src/stm32f1xx_hal_gpio.o
 .debug_line    0x00000000000068be      0xd43 ./Drivers/STM32F1xx_HAL_Driver/Src/stm32f1xx_hal_rcc.o
 .debug_line    0x0000000000007601      0x892 ./Drivers/STM32F1xx_HAL_Driver/Src/stm32f1xx_hal_rcc_ex.o
 .debug_line    0x0000000000007e93     0x34fc ./Drivers/STM32F1xx_HAL_Driver/Src/stm32f1xx_hal_tim.o
 .debug_line    0x000000000000b38f     0x18c1 ./Drivers/STM32F1xx_HAL_Driver/Src/stm32f1xx_hal_tim_ex.o
 .debug_line    0x000000000000cc50     0x1a10 ./Drivers/STM32F1xx_HAL_Driver/Src/stm32f1xx_hal_uart.o

.debug_str      0x0000000000000000    0x9a2e5
 .debug_str     0x0000000000000000    0x968b9 ./Core/SoftSerial/SoftSerial.o
                                      0x96cf8 (size before relaxing)
 .debug_str     0x00000000000968b9      0xd71 ./Core/Src/main.o
                                      0x97a39 (size before relaxing)
 .debug_str     0x000000000009762a       0xe1 ./Core/Src/stm32f1xx_hal_msp.o
                                      0x97782 (size before relaxing)
 .debug_str     0x000000000009770b       0xe9 ./Core/Src/stm32f1xx_it.o
                                      0x970ae (size before relaxing)
 .debug_str     0x00000000000977f4       0x52 ./Core/Src/system_stm32f1xx.o
                                      0x96af2 (size before relaxing)
 .debug_str     0x0000000000097846       0x36 ./Core/Startup/startup_stm32f103retx.o
                                         0x9b (size before relaxing)
 .debug_str     0x000000000009787c      0x304 ./Drivers/STM32F1xx_HAL_Driver/Src/stm32f1xx_hal.o
                                      0x97267 (size before relaxing)
 .debug_str     0x0000000000097b80      0x357 ./Drivers/STM32F1xx_HAL_Driver/Src/stm32f1xx_hal_adc.o
                                      0x97182 (size before relaxing)
 .debug_str     0x0000000000097ed7      0x300 ./Drivers/STM32F1xx_HAL_Driver/Src/stm32f1xx_hal_cortex.o
                                      0x9726f (size before relaxing)
 .debug_str     0x00000000000981d7      0x235 ./Drivers/STM32F1xx_HAL_Driver/Src/stm32f1xx_hal_dma.o
                                      0x96ecd (size before relaxing)
 .debug_str     0x000000000009840c      0x31e ./Drivers/STM32F1xx_HAL_Driver/Src/stm32f1xx_hal_gpio.o
                                      0x96eb6 (size before relaxing)
 .debug_str     0x000000000009872a      0x24f ./Drivers/STM32F1xx_HAL_Driver/Src/stm32f1xx_hal_rcc.o
                                      0x96eef (size before relaxing)
 .debug_str     0x0000000000098979       0xb9 ./Drivers/STM32F1xx_HAL_Driver/Src/stm32f1xx_hal_rcc_ex.o
                                      0x96ca2 (size before relaxing)
 .debug_str     0x0000000000098a32      0xdd8 ./Drivers/STM32F1xx_HAL_Driver/Src/stm32f1xx_hal_tim.o
                                      0x97ec1 (size before relaxing)
 .debug_str     0x000000000009980a      0x4ee ./Drivers/STM32F1xx_HAL_Driver/Src/stm32f1xx_hal_tim_ex.o
                                      0x97672 (size before relaxing)
 .debug_str     0x0000000000099cf8      0x5ed ./Drivers/STM32F1xx_HAL_Driver/Src/stm32f1xx_hal_uart.o
                                      0x974e1 (size before relaxing)

.comment        0x0000000000000000       0x53
 .comment       0x0000000000000000       0x53 ./Core/SoftSerial/SoftSerial.o
                                         0x54 (size before relaxing)
 .comment       0x0000000000000053       0x54 ./Core/Src/main.o
 .comment       0x0000000000000053       0x54 ./Core/Src/stm32f1xx_hal_msp.o
 .comment       0x0000000000000053       0x54 ./Core/Src/stm32f1xx_it.o
 .comment       0x0000000000000053       0x54 ./Core/Src/system_stm32f1xx.o
 .comment       0x0000000000000053       0x54 ./Drivers/STM32F1xx_HAL_Driver/Src/stm32f1xx_hal.o
 .comment       0x0000000000000053       0x54 ./Drivers/STM32F1xx_HAL_Driver/Src/stm32f1xx_hal_adc.o
 .comment       0x0000000000000053       0x54 ./Drivers/STM32F1xx_HAL_Driver/Src/stm32f1xx_hal_cortex.o
 .comment       0x0000000000000053       0x54 ./Drivers/STM32F1xx_HAL_Driver/Src/stm32f1xx_hal_dma.o
 .comment       0x0000000000000053       0x54 ./Drivers/STM32F1xx_HAL_Driver/Src/stm32f1xx_hal_gpio.o
 .comment       0x0000000000000053       0x54 ./Drivers/STM32F1xx_HAL_Driver/Src/stm32f1xx_hal_rcc.o
 .comment       0x0000000000000053       0x54 ./Drivers/STM32F1xx_HAL_Driver/Src/stm32f1xx_hal_rcc_ex.o
 .comment       0x0000000000000053       0x54 ./Drivers/STM32F1xx_HAL_Driver/Src/stm32f1xx_hal_tim.o
 .comment       0x0000000000000053       0x54 ./Drivers/STM32F1xx_HAL_Driver/Src/stm32f1xx_hal_tim_ex.o
 .comment       0x0000000000000053       0x54 ./Drivers/STM32F1xx_HAL_Driver/Src/stm32f1xx_hal_uart.o

.debug_frame    0x0000000000000000     0x37a8
 .debug_frame   0x0000000000000000      0x120 ./Core/SoftSerial/SoftSerial.o
 .debug_frame   0x0000000000000120      0x114 ./Core/Src/main.o
 .debug_frame   0x0000000000000234      0x110 ./Core/Src/stm32f1xx_hal_msp.o
 .debug_frame   0x0000000000000344      0x158 ./Core/Src/stm32f1xx_it.o
 .debug_frame   0x000000000000049c       0x58 ./Core/Src/system_stm32f1xx.o
 .debug_frame   0x00000000000004f4      0x334 ./Drivers/STM32F1xx_HAL_Driver/Src/stm32f1xx_hal.o
 .debug_frame   0x0000000000000828      0x40c ./Drivers/STM32F1xx_HAL_Driver/Src/stm32f1xx_hal_adc.o
 .debug_frame   0x0000000000000c34      0x428 ./Drivers/STM32F1xx_HAL_Driver/Src/stm32f1xx_hal_cortex.o
 .debug_frame   0x000000000000105c      0x20c ./Drivers/STM32F1xx_HAL_Driver/Src/stm32f1xx_hal_dma.o
 .debug_frame   0x0000000000001268      0x14c ./Drivers/STM32F1xx_HAL_Driver/Src/stm32f1xx_hal_gpio.o
 .debug_frame   0x00000000000013b4      0x21c ./Drivers/STM32F1xx_HAL_Driver/Src/stm32f1xx_hal_rcc.o
 .debug_frame   0x00000000000015d0       0x84 ./Drivers/STM32F1xx_HAL_Driver/Src/stm32f1xx_hal_rcc_ex.o
 .debug_frame   0x0000000000001654     0x11bc ./Drivers/STM32F1xx_HAL_Driver/Src/stm32f1xx_hal_tim.o
 .debug_frame   0x0000000000002810      0x638 ./Drivers/STM32F1xx_HAL_Driver/Src/stm32f1xx_hal_tim_ex.o
 .debug_frame   0x0000000000002e48      0x914 ./Drivers/STM32F1xx_HAL_Driver/Src/stm32f1xx_hal_uart.o
 .debug_frame   0x000000000000375c       0x2c /opt/st/stm32cubeide_1.8.0/plugins/com.st.stm32cube.ide.mcu.externaltools.gnu-tools-for-stm32.9-2020-q2-update.linux64_2.0.0.202105311346/tools/bin/../lib/gcc/arm-none-eabi/9.3.1/../../../../arm-none-eabi/lib/thumb/v7-m/nofp/libc_nano.a(lib_a-init.o)
 .debug_frame   0x0000000000003788       0x20 /opt/st/stm32cubeide_1.8.0/plugins/com.st.stm32cube.ide.mcu.externaltools.gnu-tools-for-stm32.9-2020-q2-update.linux64_2.0.0.202105311346/tools/bin/../lib/gcc/arm-none-eabi/9.3.1/../../../../arm-none-eabi/lib/thumb/v7-m/nofp/libc_nano.a(lib_a-memset.o)
